[2025-12-05 22:03:01] ============================= INICIANDO COMPILAÇÃO ==============================
--------------------------------------------------------------------------------
[2025-12-05 22:03:01] Projeto: libheavyrender.so
[2025-12-05 22:03:01] Início da execução: sex 05 dez 2025 22:03:01 -03
[2025-12-05 22:03:01] Sistema operacional: Linux linuxdesktop 6.8.0-88-lowlatency #89.1-Ubuntu SMP PREEMPT_DYNAMIC Tue Nov 11 13:09:50 UTC 2025 x86_64 x86_64 x86_64 GNU/Linux
[2025-12-05 22:03:01] Diretório atual: /home/yapivam/ExperimentalSandbox/SDK_complexrender
[2025-12-05 22:03:01] Log salvo em: log/compile_20251205_220301.log
--------------------------------------------------------------------------------
[2025-12-05 22:03:01] Arquivos detectados na pasta heavyrender:
[2025-12-05 22:03:01]  - heavyrender/program.cpp
--------------------------------------------------------------------------------
[2025-12-05 22:03:01] Iniciando compilação individual dos arquivos...
--------------------------------------------------------------------------------
[2025-12-05 22:03:01] Compilando: heavyrender/program.cpp
[2025-12-05 22:03:01] Saída: obj/program.o
[2025-12-05 22:03:01] Status: SUCESSO
--------------------------------------------------------------------------------
[2025-12-05 22:03:01] Resumo da compilação:
[2025-12-05 22:03:01]  - Arquivos compilados com sucesso: 1
[2025-12-05 22:03:01]  - Arquivos com erro: 0
--------------------------------------------------------------------------------
[2025-12-05 22:03:01] Iniciando linkagem final para gerar biblioteca...
[2025-12-05 22:03:01] Saída prevista: script/lib/libheavyrender.so
--------------------------------------------------------------------------------
[2025-12-05 22:03:01] Linkagem final concluída.
[2025-12-05 22:03:01] Biblioteca gerada com sucesso em:
[2025-12-05 22:03:01]  -> script/lib/libheavyrender.so
--------------------------------------------------------------------------------
[2025-12-05 22:03:01] Tempo total de execução: 0s
[2025-12-05 22:03:01] Encerrado em: sex 05 dez 2025 22:03:01 -03
--------------------------------------------------------------------------------
[2025-12-05 22:03:01] ============================= FIM DA COMPILAÇÃO ================================
