[2025-12-06 16:35:45] ============================= INICIANDO COMPILAÇÃO ==============================
--------------------------------------------------------------------------------
[2025-12-06 16:35:45] Projeto: libheavyrender.so
[2025-12-06 16:35:45] Biblioteca final: script/libheavyrender.so
[2025-12-06 16:35:45] Sistema operacional: Linux linuxdesktop 6.8.0-88-lowlatency #89.1-Ubuntu SMP PREEMPT_DYNAMIC Tue Nov 11 13:09:50 UTC 2025 x86_64 x86_64 x86_64 GNU/Linux
[2025-12-06 16:35:45] Diretório atual: /home/yapivam/ExperimentalSandbox/SDK_myTemplate_1.0.0.0v
[2025-12-06 16:35:45] Log salvo em: log/compile_20251206_163545.log
--------------------------------------------------------------------------------
[2025-12-06 16:35:45] Arquivos detectados na pasta heavyrender:
[2025-12-06 16:35:45]  - heavyrender/program.cpp
--------------------------------------------------------------------------------
[2025-12-06 16:35:45] Iniciando compilação individual dos arquivos...
--------------------------------------------------------------------------------
[2025-12-06 16:35:45] Compilando: heavyrender/program.cpp
[2025-12-06 16:35:45] Saída: obj/program.o
[2025-12-06 16:35:45] Status: SUCESSO
--------------------------------------------------------------------------------
[2025-12-06 16:35:45] Resumo da compilação:
[2025-12-06 16:35:45]  - Arquivos compilados com sucesso: 1
[2025-12-06 16:35:45]  - Arquivos com erro: 0
--------------------------------------------------------------------------------
[2025-12-06 16:35:45] Iniciando linkagem final para gerar biblioteca...
[2025-12-06 16:35:45] Saída prevista: script/libheavyrender.so
--------------------------------------------------------------------------------
[2025-12-06 16:35:45] Linkagem final concluída.
[2025-12-06 16:35:45] Biblioteca gerada com sucesso em:
[2025-12-06 16:35:45]  -> script/libheavyrender.so
--------------------------------------------------------------------------------
[2025-12-06 16:35:45] Tempo total de execução: 0s
[2025-12-06 16:35:45] Encerrado em: sáb 06 dez 2025 16:35:45 -03
--------------------------------------------------------------------------------
[2025-12-06 16:35:45] ============================= FIM DA COMPILAÇÃO ================================
